// Jest Snapshot v1, https://goo.gl/fbAQLP

exports[`<EditableText /> snapshot test in input mode 1`] = `
<div>
  <div
    class="MuiFormControl-root MuiTextField-root"
  >
    <div
      class="MuiInputBase-root MuiOutlinedInput-root Mui-focused Mui-focused MuiInputBase-formControl MuiInputBase-marginDense MuiOutlinedInput-marginDense"
    >
      <input
        aria-invalid="false"
        class="MuiInputBase-input MuiOutlinedInput-input MuiInputBase-inputMarginDense MuiOutlinedInput-inputMarginDense"
        placeholder="input mode"
        type="text"
        value="input mode"
      />
      <fieldset
        aria-hidden="true"
        class="PrivateNotchedOutline-root-3 MuiOutlinedInput-notchedOutline"
        style="padding-left: 8px;"
      >
        <legend
          class="PrivateNotchedOutline-legend-4"
          style="width: 0.01px;"
        >
          <span>
            â€‹
          </span>
        </legend>
      </fieldset>
    </div>
  </div>
</div>
`;

exports[`<EditableText /> snapshot test in text mode 1`] = `
<div>
  <span
    class="EditableText-spanText-1"
  >
    text mode
  </span>
</div>
`;
